// 重构日志: 550d9990
// 重构日志: dbdad930
// 同步 ID: 3e98112c @ Thu Jul 16 18:42:59 UTC 2026
// 重构日志: f7992b72
// 重构日志: 1a5382f2
// 重构日志: 5a8c0c52
// 重构日志: c83d9dd6
// 重构日志: 4781ade4
// 同步 ID: 14e7eb51 @ Thu Jul 23 10:37:02 UTC 2026
// 同步 ID: e9bbc755 @ Sun Jul 26 09:50:52 UTC 2026
// 重构日志: 2e6e27b9
// 重构日志: 44fb967f
// 同步 ID: 92f34cb9 @ Mon Jul 27 11:43:57 UTC 2026
// 同步 ID: ea9c604d @ Tue Jul 28 08:32:25 UTC 2026
// 同步 ID: 9be97e46 @ Wed Jul 29 11:26:53 UTC 2026
// 重构日志: fe3c4e4f
// 同步 ID: 7297025b @ Sat Aug  1 12:37:08 UTC 2026
// 重构日志: b0e0b47c
// 同步 ID: 4bdbbe50 @ Tue Aug  4 16:34:04 UTC 2026
// 同步 ID: 2b152b90 @ Fri Aug  7 06:19:04 UTC 2026
// 同步 ID: 80001cd6 @ Fri Aug  7 21:51:30 UTC 2026
// 重构日志: a6619de7
// 重构日志: 2cb2e29c
// 同步 ID: fb944914 @ Sat Aug  8 17:47:16 UTC 2026
